#-----------------------------------------------------------
# Vivado v2026.1 (64-bit)
# SW Build 6511674 on Tue Jun 16 11:02:23 MDT 2026
# IP Build 6504888 on Tue Jun 09 09:05:25 MDT 2026
# SharedData Build 6501428 on Mon Jun 08 17:34:18 MDT 2026
# Start of session at: Mon Sep  7 18:54:41 2026
# Process ID         : 3224
# Current directory  : C:/Users/Mario/Desktop/Arquitectura/Xilinx TPs/ALU TP1/ALU TP1.runs/synth_1
# Command line       : vivado.exe -log alu_top.vds -product Vivado -mode batch -messageDb vivado.pb -notrace -source alu_top.tcl
# Log file           : C:/Users/Mario/Desktop/Arquitectura/Xilinx TPs/ALU TP1/ALU TP1.runs/synth_1/alu_top.vds
# Journal file       : C:/Users/Mario/Desktop/Arquitectura/Xilinx TPs/ALU TP1/ALU TP1.runs/synth_1\vivado.jou
# Running On         : DESKTOP-2RBLBAP
# Platform           : Windows 11
# Operating System   : 26200
# Processor Detail   : 12th Gen Intel(R) Core(TM) i5-12500H
# CPU Frequency      : 3110 MHz
# CPU Physical cores : 12
# CPU Logical cores  : 16
# Host memory        : 34071 MB
# Swap memory        : 2147 MB
# Total Virtual      : 36218 MB
# Available Virtual  : 23513 MB
#-----------------------------------------------------------
source alu_top.tcl -notrace
