Copyright 1986-2022 Xilinx, Inc. All Rights Reserved. Copyright 2022-2026 Advanced Micro Devices, Inc. All Rights Reserved.
---------------------------------------------------------------------------------------------------------------------------------------------------------------------------------------------------------------------------------
| Tool Version : Vivado v.2026.1 (win64) Build 6511674 Tue Jun 16 11:02:23 MDT 2026
| Date         : Mon Sep  7 18:56:11 2026
| Host         : DESKTOP-2RBLBAP running 64-bit major release  (build 9200)
| Command      : report_timing_summary -max_paths 10 -routable_nets -report_unconstrained -file alu_top_timing_summary_routed.rpt -pb alu_top_timing_summary_routed.pb -rpx alu_top_timing_summary_routed.rpx -warn_on_violation
| Design       : alu_top
| Device       : 7a35t-cpg236
| Speed File   : -1  PRODUCTION 1.23 2018-06-13
| Design State : Routed
---------------------------------------------------------------------------------------------------------------------------------------------------------------------------------------------------------------------------------

Timing Summary Report

------------------------------------------------------------------------------------------------
| Timer Settings
| --------------
------------------------------------------------------------------------------------------------

  Enable Multi Corner Analysis               :  Yes
  Enable Pessimism Removal                   :  Yes
  Pessimism Removal Resolution               :  Nearest Common Node
  Enable Input Delay Default Clock           :  No
  Enable Preset / Clear Arcs                 :  No
  Disable Flight Delays                      :  No
  Ignore I/O Paths                           :  No
  Timing Early Launch at Borrowing Latches   :  No
  Borrow Time for Max Delay Exceptions       :  Yes
  Merge Timing Exceptions                    :  Yes
  Inter-SLR Compensation                     :  Conservative

  Corner  Analyze    Analyze    
  Name    Max Paths  Min Paths  
  ------  ---------  ---------  
  Slow    Yes        Yes        
  Fast    Yes        Yes        


------------------------------------------------------------------------------------------------
| Report Methodology
| ------------------
------------------------------------------------------------------------------------------------

Rule       Severity          Description                  Violations  
---------  ----------------  ---------------------------  ----------  
TIMING-17  Critical Warning  Non-clocked sequential cell  33          

Note: This report is based on the most recent report_methodology run and may not be up-to-date. Run report_methodology on the current design for the latest report.



check_timing report

Table of Contents
-----------------
1. checking no_clock (33)
2. checking constant_clock (0)
3. checking pulse_width_clock (0)
4. checking unconstrained_internal_endpoints (73)
5. checking no_input_delay (12)
6. checking no_output_delay (9)
7. checking multiple_clock (0)
8. checking generated_clocks (0)
9. checking loops (0)
10. checking partial_input_delay (0)
11. checking partial_output_delay (0)
12. checking latch_loops (0)

1. checking no_clock (33)
-------------------------
 There are 33 register/latch pins with no clock driven by root clock pin: clk (HIGH)


2. checking constant_clock (0)
------------------------------
 There are 0 register/latch pins with constant_clock.


3. checking pulse_width_clock (0)
---------------------------------
 There are 0 register/latch pins which need pulse_width check


4. checking unconstrained_internal_endpoints (73)
-------------------------------------------------
 There are 73 pins that are not constrained for maximum delay. (HIGH)

 There are 0 pins that are not constrained for maximum delay due to constant clock.


5. checking no_input_delay (12)
-------------------------------
 There are 12 input ports with no input delay specified. (HIGH)

 There are 0 input ports with no input delay but user has a false path constraint.


6. checking no_output_delay (9)
-------------------------------
 There are 9 ports with no output delay specified. (HIGH)

 There are 0 ports with no output delay but user has a false path constraint

 There are 0 ports with no output delay but with a timing clock defined on it or propagating through it


7. checking multiple_clock (0)
------------------------------
 There are 0 register/latch pins with multiple clocks.


8. checking generated_clocks (0)
--------------------------------
 There are 0 generated clocks that are not connected to a clock source.


9. checking loops (0)
---------------------
 There are 0 combinational loops in the design.


10. checking partial_input_delay (0)
------------------------------------
 There are 0 input ports with partial input delay specified.


11. checking partial_output_delay (0)
-------------------------------------
 There are 0 ports with partial output delay specified.


12. checking latch_loops (0)
----------------------------
 There are 0 combinational latch loops in the design through latch input



------------------------------------------------------------------------------------------------
| Design Timing Summary
| ---------------------
------------------------------------------------------------------------------------------------

    WNS(ns)      TNS(ns)  TNS Failing Endpoints  TNS Total Endpoints      WHS(ns)      THS(ns)  THS Failing Endpoints  THS Total Endpoints     WPWS(ns)     TPWS(ns)  TPWS Failing Endpoints  TPWS Total Endpoints  
    -------      -------  ---------------------  -------------------      -------      -------  ---------------------  -------------------     --------     --------  ----------------------  --------------------  
        inf        0.000                      0                   82          inf        0.000                      0                   82           NA           NA                      NA                    NA  


There are no user specified timing constraints.


------------------------------------------------------------------------------------------------
| Clock Summary
| -------------
------------------------------------------------------------------------------------------------


------------------------------------------------------------------------------------------------
| Intra Clock Table
| -----------------
------------------------------------------------------------------------------------------------

Clock             WNS(ns)      TNS(ns)  TNS Failing Endpoints  TNS Total Endpoints      WHS(ns)      THS(ns)  THS Failing Endpoints  THS Total Endpoints     WPWS(ns)     TPWS(ns)  TPWS Failing Endpoints  TPWS Total Endpoints  
-----             -------      -------  ---------------------  -------------------      -------      -------  ---------------------  -------------------     --------     --------  ----------------------  --------------------  


------------------------------------------------------------------------------------------------
| Inter Clock Table
| -----------------
------------------------------------------------------------------------------------------------

From Clock    To Clock          WNS(ns)      TNS(ns)  TNS Failing Endpoints  TNS Total Endpoints      WHS(ns)      THS(ns)  THS Failing Endpoints  THS Total Endpoints  
----------    --------          -------      -------  ---------------------  -------------------      -------      -------  ---------------------  -------------------  


------------------------------------------------------------------------------------------------
| Other Path Groups Table
| -----------------------
------------------------------------------------------------------------------------------------

Path Group    From Clock    To Clock          WNS(ns)      TNS(ns)  TNS Failing Endpoints  TNS Total Endpoints      WHS(ns)      THS(ns)  THS Failing Endpoints  THS Total Endpoints  
----------    ----------    --------          -------      -------  ---------------------  -------------------      -------      -------  ---------------------  -------------------  


------------------------------------------------------------------------------------------------
| User Ignored Path Table
| -----------------------
------------------------------------------------------------------------------------------------

Path Group    From Clock    To Clock    
----------    ----------    --------    


------------------------------------------------------------------------------------------------
| Unconstrained Path Table
| ------------------------
------------------------------------------------------------------------------------------------

Path Group    From Clock    To Clock    
----------    ----------    --------    
(none)                                    


------------------------------------------------------------------------------------------------
| Timing Details
| --------------
------------------------------------------------------------------------------------------------


--------------------------------------------------------------------------------------
Path Group:  (none)
From Clock:  
  To Clock:  

Max Delay            82 Endpoints
Min Delay            82 Endpoints
--------------------------------------------------------------------------------------


Max Delay Paths
--------------------------------------------------------------------------------------
Slack:                    inf
  Source:                 C_LED_reg/C
                            (rising edge-triggered cell FDRE)
  Destination:            C_LED
                            (output port)
  Path Group:             (none)
  Path Type:              Max at Slow Process Corner
  Data Path Delay:        9.653ns  (logic 3.977ns (41.206%)  route 5.675ns (58.794%))
  Logic Levels:           2  (FDRE=1 OBUF=1)

    Location             Delay type                Incr(ns)  Path(ns)    Netlist Resource(s)
  -------------------------------------------------------------------    -------------------
    SLICE_X3Y13          FDRE                         0.000     0.000 r  C_LED_reg/C
    SLICE_X3Y13          FDRE (Prop_fdre_C_Q)         0.456     0.456 r  C_LED_reg/Q
                         net (fo=1, routed)           5.675     6.131    C_LED_OBUF
    L1                   OBUF (Prop_obuf_I_O)         3.521     9.653 r  C_LED_OBUF_inst/O
                         net (fo=0)                   0.000     9.653    C_LED
    L1                                                                r  C_LED
  -------------------------------------------------------------------    -------------------

Slack:                    inf
  Source:                 S_LED_reg[1]/C
                            (rising edge-triggered cell FDRE)
  Destination:            S_LED[1]
                            (output port)
  Path Group:             (none)
  Path Type:              Max at Slow Process Corner
  Data Path Delay:        6.462ns  (logic 3.986ns (61.676%)  route 2.477ns (38.324%))
  Logic Levels:           2  (FDRE=1 OBUF=1)

    Location             Delay type                Incr(ns)  Path(ns)    Netlist Resource(s)
  -------------------------------------------------------------------    -------------------
    SLICE_X5Y11          FDRE                         0.000     0.000 r  S_LED_reg[1]/C
    SLICE_X5Y11          FDRE (Prop_fdre_C_Q)         0.456     0.456 r  S_LED_reg[1]/Q
                         net (fo=1, routed)           2.477     2.933    S_LED_OBUF[1]
    E19                  OBUF (Prop_obuf_I_O)         3.530     6.462 r  S_LED_OBUF[1]_inst/O
                         net (fo=0)                   0.000     6.462    S_LED[1]
    E19                                                               r  S_LED[1]
  -------------------------------------------------------------------    -------------------

Slack:                    inf
  Source:                 S_LED_reg[6]/C
                            (rising edge-triggered cell FDRE)
  Destination:            S_LED[6]
                            (output port)
  Path Group:             (none)
  Path Type:              Max at Slow Process Corner
  Data Path Delay:        6.033ns  (logic 3.962ns (65.675%)  route 2.071ns (34.325%))
  Logic Levels:           2  (FDRE=1 OBUF=1)

    Location             Delay type                Incr(ns)  Path(ns)    Netlist Resource(s)
  -------------------------------------------------------------------    -------------------
    SLICE_X4Y10          FDRE                         0.000     0.000 r  S_LED_reg[6]/C
    SLICE_X4Y10          FDRE (Prop_fdre_C_Q)         0.456     0.456 r  S_LED_reg[6]/Q
                         net (fo=1, routed)           2.071     2.527    S_LED_OBUF[6]
    U14                  OBUF (Prop_obuf_I_O)         3.506     6.033 r  S_LED_OBUF[6]_inst/O
                         net (fo=0)                   0.000     6.033    S_LED[6]
    U14                                                               r  S_LED[6]
  -------------------------------------------------------------------    -------------------

Slack:                    inf
  Source:                 S_LED_reg[7]/C
                            (rising edge-triggered cell FDRE)
  Destination:            S_LED[7]
                            (output port)
  Path Group:             (none)
  Path Type:              Max at Slow Process Corner
  Data Path Delay:        6.026ns  (logic 3.957ns (65.661%)  route 2.069ns (34.339%))
  Logic Levels:           2  (FDRE=1 OBUF=1)

    Location             Delay type                Incr(ns)  Path(ns)    Netlist Resource(s)
  -------------------------------------------------------------------    -------------------
    SLICE_X3Y10          FDRE                         0.000     0.000 r  S_LED_reg[7]/C
    SLICE_X3Y10          FDRE (Prop_fdre_C_Q)         0.456     0.456 r  S_LED_reg[7]/Q
                         net (fo=1, routed)           2.069     2.525    S_LED_OBUF[7]
    V14                  OBUF (Prop_obuf_I_O)         3.501     6.026 r  S_LED_OBUF[7]_inst/O
                         net (fo=0)                   0.000     6.026    S_LED[7]
    V14                                                               r  S_LED[7]
  -------------------------------------------------------------------    -------------------

Slack:                    inf
  Source:                 S_LED_reg[3]/C
                            (rising edge-triggered cell FDRE)
  Destination:            S_LED[3]
                            (output port)
  Path Group:             (none)
  Path Type:              Max at Slow Process Corner
  Data Path Delay:        6.002ns  (logic 3.965ns (66.063%)  route 2.037ns (33.937%))
  Logic Levels:           2  (FDRE=1 OBUF=1)

    Location             Delay type                Incr(ns)  Path(ns)    Netlist Resource(s)
  -------------------------------------------------------------------    -------------------
    SLICE_X3Y11          FDRE                         0.000     0.000 r  S_LED_reg[3]/C
    SLICE_X3Y11          FDRE (Prop_fdre_C_Q)         0.456     0.456 r  S_LED_reg[3]/Q
                         net (fo=1, routed)           2.037     2.493    S_LED_OBUF[3]
    V19                  OBUF (Prop_obuf_I_O)         3.509     6.002 r  S_LED_OBUF[3]_inst/O
                         net (fo=0)                   0.000     6.002    S_LED[3]
    V19                                                               r  S_LED[3]
  -------------------------------------------------------------------    -------------------

Slack:                    inf
  Source:                 S_LED_reg[2]/C
                            (rising edge-triggered cell FDRE)
  Destination:            S_LED[2]
                            (output port)
  Path Group:             (none)
  Path Type:              Max at Slow Process Corner
  Data Path Delay:        5.996ns  (logic 3.957ns (65.994%)  route 2.039ns (34.006%))
  Logic Levels:           2  (FDRE=1 OBUF=1)

    Location             Delay type                Incr(ns)  Path(ns)    Netlist Resource(s)
  -------------------------------------------------------------------    -------------------
    SLICE_X3Y11          FDRE                         0.000     0.000 r  S_LED_reg[2]/C
    SLICE_X3Y11          FDRE (Prop_fdre_C_Q)         0.456     0.456 r  S_LED_reg[2]/Q
                         net (fo=1, routed)           2.039     2.495    S_LED_OBUF[2]
    U19                  OBUF (Prop_obuf_I_O)         3.501     5.996 r  S_LED_OBUF[2]_inst/O
                         net (fo=0)                   0.000     5.996    S_LED[2]
    U19                                                               r  S_LED[2]
  -------------------------------------------------------------------    -------------------

Slack:                    inf
  Source:                 S_LED_reg[4]/C
                            (rising edge-triggered cell FDRE)
  Destination:            S_LED[4]
                            (output port)
  Path Group:             (none)
  Path Type:              Max at Slow Process Corner
  Data Path Delay:        5.869ns  (logic 3.965ns (67.548%)  route 1.905ns (32.452%))
  Logic Levels:           2  (FDRE=1 OBUF=1)

    Location             Delay type                Incr(ns)  Path(ns)    Netlist Resource(s)
  -------------------------------------------------------------------    -------------------
    SLICE_X4Y10          FDRE                         0.000     0.000 r  S_LED_reg[4]/C
    SLICE_X4Y10          FDRE (Prop_fdre_C_Q)         0.456     0.456 r  S_LED_reg[4]/Q
                         net (fo=1, routed)           1.905     2.361    S_LED_OBUF[4]
    W18                  OBUF (Prop_obuf_I_O)         3.509     5.869 r  S_LED_OBUF[4]_inst/O
                         net (fo=0)                   0.000     5.869    S_LED[4]
    W18                                                               r  S_LED[4]
  -------------------------------------------------------------------    -------------------

Slack:                    inf
  Source:                 S_LED_reg[0]/C
                            (rising edge-triggered cell FDRE)
  Destination:            S_LED[0]
                            (output port)
  Path Group:             (none)
  Path Type:              Max at Slow Process Corner
  Data Path Delay:        5.836ns  (logic 3.961ns (67.869%)  route 1.875ns (32.131%))
  Logic Levels:           2  (FDRE=1 OBUF=1)

    Location             Delay type                Incr(ns)  Path(ns)    Netlist Resource(s)
  -------------------------------------------------------------------    -------------------
    SLICE_X1Y10          FDRE                         0.000     0.000 r  S_LED_reg[0]/C
    SLICE_X1Y10          FDRE (Prop_fdre_C_Q)         0.456     0.456 r  S_LED_reg[0]/Q
                         net (fo=1, routed)           1.875     2.331    S_LED_OBUF[0]
    U16                  OBUF (Prop_obuf_I_O)         3.505     5.836 r  S_LED_OBUF[0]_inst/O
                         net (fo=0)                   0.000     5.836    S_LED[0]
    U16                                                               r  S_LED[0]
  -------------------------------------------------------------------    -------------------

Slack:                    inf
  Source:                 S_LED_reg[5]/C
                            (rising edge-triggered cell FDRE)
  Destination:            S_LED[5]
                            (output port)
  Path Group:             (none)
  Path Type:              Max at Slow Process Corner
  Data Path Delay:        5.827ns  (logic 3.970ns (68.137%)  route 1.857ns (31.863%))
  Logic Levels:           2  (FDRE=1 OBUF=1)

    Location             Delay type                Incr(ns)  Path(ns)    Netlist Resource(s)
  -------------------------------------------------------------------    -------------------
    SLICE_X3Y10          FDRE                         0.000     0.000 r  S_LED_reg[5]/C
    SLICE_X3Y10          FDRE (Prop_fdre_C_Q)         0.456     0.456 r  S_LED_reg[5]/Q
                         net (fo=1, routed)           1.857     2.313    S_LED_OBUF[5]
    U15                  OBUF (Prop_obuf_I_O)         3.514     5.827 r  S_LED_OBUF[5]_inst/O
                         net (fo=0)                   0.000     5.827    S_LED[5]
    U15                                                               r  S_LED[5]
  -------------------------------------------------------------------    -------------------

Slack:                    inf
  Source:                 B_reg[1]/C
                            (rising edge-triggered cell FDRE)
  Destination:            S_LED_reg[7]/D
  Path Group:             (none)
  Path Type:              Max at Slow Process Corner
  Data Path Delay:        4.325ns  (logic 1.987ns (45.942%)  route 2.338ns (54.058%))
  Logic Levels:           6  (CARRY4=2 FDRE=1 LUT2=1 LUT6=1 MUXF7=1)

    Location             Delay type                Incr(ns)  Path(ns)    Netlist Resource(s)
  -------------------------------------------------------------------    -------------------
    SLICE_X1Y12          FDRE                         0.000     0.000 r  B_reg[1]/C
    SLICE_X1Y12          FDRE (Prop_fdre_C_Q)         0.456     0.456 r  B_reg[1]/Q
                         net (fo=14, routed)          1.217     1.673    alu/S_LED_reg[7][1]
    SLICE_X4Y11          LUT2 (Prop_lut2_I1_O)        0.124     1.797 r  alu/S_LED[3]_i_8/O
                         net (fo=1, routed)           0.000     1.797    alu/S_LED[3]_i_8_n_0
    SLICE_X4Y11          CARRY4 (Prop_carry4_S[1]_CO[3])
                                                      0.550     2.347 r  alu/S_LED_reg[3]_i_4/CO[3]
                         net (fo=1, routed)           0.000     2.347    alu/S_LED_reg[3]_i_4_n_0
    SLICE_X4Y12          CARRY4 (Prop_carry4_CI_O[3])
                                                      0.313     2.660 r  alu/S_LED_reg[7]_i_8/O[3]
                         net (fo=1, routed)           1.121     3.781    alu/S_LED_reg[7]_i_8_n_4
    SLICE_X3Y10          LUT6 (Prop_lut6_I5_O)        0.306     4.087 r  alu/S_LED[7]_i_4/O
                         net (fo=1, routed)           0.000     4.087    alu/S_LED[7]_i_4_n_0
    SLICE_X3Y10          MUXF7 (Prop_muxf7_I0_O)      0.238     4.325 r  alu/S_LED_reg[7]_i_2/O
                         net (fo=1, routed)           0.000     4.325    S[7]
    SLICE_X3Y10          FDRE                                         r  S_LED_reg[7]/D
  -------------------------------------------------------------------    -------------------





Min Delay Paths
--------------------------------------------------------------------------------------
Slack:                    inf
  Source:                 FSM_sequential_state_reg[0]/C
                            (rising edge-triggered cell FDRE)
  Destination:            FSM_sequential_state_reg[1]/D
  Path Group:             (none)
  Path Type:              Min at Fast Process Corner
  Data Path Delay:        0.382ns  (logic 0.186ns (48.680%)  route 0.196ns (51.320%))
  Logic Levels:           2  (FDRE=1 LUT4=1)

    Location             Delay type                Incr(ns)  Path(ns)    Netlist Resource(s)
  -------------------------------------------------------------------    -------------------
    SLICE_X0Y15          FDRE                         0.000     0.000 r  FSM_sequential_state_reg[0]/C
    SLICE_X0Y15          FDRE (Prop_fdre_C_Q)         0.141     0.141 r  FSM_sequential_state_reg[0]/Q
                         net (fo=6, routed)           0.196     0.337    state[0]
    SLICE_X0Y15          LUT4 (Prop_lut4_I1_O)        0.045     0.382 r  FSM_sequential_state[1]_i_1/O
                         net (fo=1, routed)           0.000     0.382    FSM_sequential_state[1]_i_1_n_0
    SLICE_X0Y15          FDRE                                         r  FSM_sequential_state_reg[1]/D
  -------------------------------------------------------------------    -------------------

Slack:                    inf
  Source:                 FSM_sequential_state_reg[0]/C
                            (rising edge-triggered cell FDRE)
  Destination:            FSM_sequential_state_reg[0]/D
  Path Group:             (none)
  Path Type:              Min at Fast Process Corner
  Data Path Delay:        0.393ns  (logic 0.186ns (47.328%)  route 0.207ns (52.672%))
  Logic Levels:           2  (FDRE=1 LUT6=1)

    Location             Delay type                Incr(ns)  Path(ns)    Netlist Resource(s)
  -------------------------------------------------------------------    -------------------
    SLICE_X0Y15          FDRE                         0.000     0.000 r  FSM_sequential_state_reg[0]/C
    SLICE_X0Y15          FDRE (Prop_fdre_C_Q)         0.141     0.141 r  FSM_sequential_state_reg[0]/Q
                         net (fo=6, routed)           0.207     0.348    state[0]
    SLICE_X0Y15          LUT6 (Prop_lut6_I0_O)        0.045     0.393 r  FSM_sequential_state[0]_i_1/O
                         net (fo=1, routed)           0.000     0.393    FSM_sequential_state[0]_i_1_n_0
    SLICE_X0Y15          FDRE                                         r  FSM_sequential_state_reg[0]/D
  -------------------------------------------------------------------    -------------------

Slack:                    inf
  Source:                 B_reg[7]/C
                            (rising edge-triggered cell FDRE)
  Destination:            S_LED_reg[7]/D
  Path Group:             (none)
  Path Type:              Min at Fast Process Corner
  Data Path Delay:        0.409ns  (logic 0.280ns (68.530%)  route 0.129ns (31.470%))
  Logic Levels:           3  (FDRE=1 LUT6=1 MUXF7=1)

    Location             Delay type                Incr(ns)  Path(ns)    Netlist Resource(s)
  -------------------------------------------------------------------    -------------------
    SLICE_X2Y10          FDRE                         0.000     0.000 r  B_reg[7]/C
    SLICE_X2Y10          FDRE (Prop_fdre_C_Q)         0.164     0.164 r  B_reg[7]/Q
                         net (fo=5, routed)           0.129     0.293    alu/S_LED_reg[7][7]
    SLICE_X3Y10          LUT6 (Prop_lut6_I1_O)        0.045     0.338 r  alu/S_LED[7]_i_4/O
                         net (fo=1, routed)           0.000     0.338    alu/S_LED[7]_i_4_n_0
    SLICE_X3Y10          MUXF7 (Prop_muxf7_I0_O)      0.071     0.409 r  alu/S_LED_reg[7]_i_2/O
                         net (fo=1, routed)           0.000     0.409    S[7]
    SLICE_X3Y10          FDRE                                         r  S_LED_reg[7]/D
  -------------------------------------------------------------------    -------------------

Slack:                    inf
  Source:                 A_reg[0]/C
                            (rising edge-triggered cell FDRE)
  Destination:            S_LED_reg[0]/D
  Path Group:             (none)
  Path Type:              Min at Fast Process Corner
  Data Path Delay:        0.424ns  (logic 0.251ns (59.182%)  route 0.173ns (40.818%))
  Logic Levels:           3  (FDRE=1 LUT5=1 MUXF7=1)

    Location             Delay type                Incr(ns)  Path(ns)    Netlist Resource(s)
  -------------------------------------------------------------------    -------------------
    SLICE_X0Y11          FDRE                         0.000     0.000 r  A_reg[0]/C
    SLICE_X0Y11          FDRE (Prop_fdre_C_Q)         0.141     0.141 r  A_reg[0]/Q
                         net (fo=7, routed)           0.173     0.314    alu/Q[0]
    SLICE_X1Y10          LUT5 (Prop_lut5_I3_O)        0.045     0.359 r  alu/S_LED[0]_i_3/O
                         net (fo=1, routed)           0.000     0.359    alu/S_LED[0]_i_3_n_0
    SLICE_X1Y10          MUXF7 (Prop_muxf7_I1_O)      0.065     0.424 r  alu/S_LED_reg[0]_i_1/O
                         net (fo=1, routed)           0.000     0.424    S[0]
    SLICE_X1Y10          FDRE                                         r  S_LED_reg[0]/D
  -------------------------------------------------------------------    -------------------

Slack:                    inf
  Source:                 B_reg[2]/C
                            (rising edge-triggered cell FDRE)
  Destination:            S_LED_reg[2]/D
  Path Group:             (none)
  Path Type:              Min at Fast Process Corner
  Data Path Delay:        0.454ns  (logic 0.271ns (59.734%)  route 0.183ns (40.266%))
  Logic Levels:           3  (FDRE=1 LUT6=1 MUXF7=1)

    Location             Delay type                Incr(ns)  Path(ns)    Netlist Resource(s)
  -------------------------------------------------------------------    -------------------
    SLICE_X2Y11          FDRE                         0.000     0.000 r  B_reg[2]/C
    SLICE_X2Y11          FDRE (Prop_fdre_C_Q)         0.164     0.164 r  B_reg[2]/Q
                         net (fo=14, routed)          0.183     0.347    alu/S_LED_reg[7][2]
    SLICE_X3Y11          LUT6 (Prop_lut6_I1_O)        0.045     0.392 r  alu/S_LED[2]_i_2/O
                         net (fo=1, routed)           0.000     0.392    alu/S_LED[2]_i_2_n_0
    SLICE_X3Y11          MUXF7 (Prop_muxf7_I0_O)      0.062     0.454 r  alu/S_LED_reg[2]_i_1/O
                         net (fo=1, routed)           0.000     0.454    S[2]
    SLICE_X3Y11          FDRE                                         r  S_LED_reg[2]/D
  -------------------------------------------------------------------    -------------------

Slack:                    inf
  Source:                 OP_reg[1]/C
                            (rising edge-triggered cell FDRE)
  Destination:            C_LED_reg/D
  Path Group:             (none)
  Path Type:              Min at Fast Process Corner
  Data Path Delay:        0.455ns  (logic 0.186ns (40.874%)  route 0.269ns (59.126%))
  Logic Levels:           2  (FDRE=1 LUT4=1)

    Location             Delay type                Incr(ns)  Path(ns)    Netlist Resource(s)
  -------------------------------------------------------------------    -------------------
    SLICE_X1Y13          FDRE                         0.000     0.000 r  OP_reg[1]/C
    SLICE_X1Y13          FDRE (Prop_fdre_C_Q)         0.141     0.141 r  OP_reg[1]/Q
                         net (fo=4, routed)           0.269     0.410    alu/S_LED_reg[7]_0[1]
    SLICE_X3Y13          LUT4 (Prop_lut4_I2_O)        0.045     0.455 r  alu/C_LED_i_1/O
                         net (fo=1, routed)           0.000     0.455    C
    SLICE_X3Y13          FDRE                                         r  C_LED_reg/D
  -------------------------------------------------------------------    -------------------

Slack:                    inf
  Source:                 A_reg[6]/C
                            (rising edge-triggered cell FDRE)
  Destination:            S_LED_reg[6]/D
  Path Group:             (none)
  Path Type:              Min at Fast Process Corner
  Data Path Delay:        0.466ns  (logic 0.283ns (60.678%)  route 0.183ns (39.322%))
  Logic Levels:           3  (FDRE=1 LUT6=1 MUXF7=1)

    Location             Delay type                Incr(ns)  Path(ns)    Netlist Resource(s)
  -------------------------------------------------------------------    -------------------
    SLICE_X2Y9           FDRE                         0.000     0.000 r  A_reg[6]/C
    SLICE_X2Y9           FDRE (Prop_fdre_C_Q)         0.164     0.164 r  A_reg[6]/Q
                         net (fo=12, routed)          0.183     0.347    alu/Q[6]
    SLICE_X4Y10          LUT6 (Prop_lut6_I4_O)        0.045     0.392 r  alu/S_LED[6]_i_3/O
                         net (fo=1, routed)           0.000     0.392    alu/S_LED[6]_i_3_n_0
    SLICE_X4Y10          MUXF7 (Prop_muxf7_I1_O)      0.074     0.466 r  alu/S_LED_reg[6]_i_1/O
                         net (fo=1, routed)           0.000     0.466    S[6]
    SLICE_X4Y10          FDRE                                         r  S_LED_reg[6]/D
  -------------------------------------------------------------------    -------------------

Slack:                    inf
  Source:                 B_reg[4]/C
                            (rising edge-triggered cell FDRE)
  Destination:            S_LED_reg[4]/D
  Path Group:             (none)
  Path Type:              Min at Fast Process Corner
  Data Path Delay:        0.470ns  (logic 0.274ns (58.295%)  route 0.196ns (41.705%))
  Logic Levels:           3  (FDRE=1 LUT6=1 MUXF7=1)

    Location             Delay type                Incr(ns)  Path(ns)    Netlist Resource(s)
  -------------------------------------------------------------------    -------------------
    SLICE_X2Y10          FDRE                         0.000     0.000 r  B_reg[4]/C
    SLICE_X2Y10          FDRE (Prop_fdre_C_Q)         0.164     0.164 r  B_reg[4]/Q
                         net (fo=5, routed)           0.196     0.360    alu/S_LED_reg[7][4]
    SLICE_X4Y10          LUT6 (Prop_lut6_I5_O)        0.045     0.405 r  alu/S_LED[4]_i_3/O
                         net (fo=1, routed)           0.000     0.405    alu/S_LED[4]_i_3_n_0
    SLICE_X4Y10          MUXF7 (Prop_muxf7_I1_O)      0.065     0.470 r  alu/S_LED_reg[4]_i_1/O
                         net (fo=1, routed)           0.000     0.470    S[4]
    SLICE_X4Y10          FDRE                                         r  S_LED_reg[4]/D
  -------------------------------------------------------------------    -------------------

Slack:                    inf
  Source:                 FSM_sequential_state_reg[0]/C
                            (rising edge-triggered cell FDRE)
  Destination:            OP_reg[1]/CE
  Path Group:             (none)
  Path Type:              Min at Fast Process Corner
  Data Path Delay:        0.481ns  (logic 0.186ns (38.667%)  route 0.295ns (61.333%))
  Logic Levels:           2  (FDRE=1 LUT4=1)

    Location             Delay type                Incr(ns)  Path(ns)    Netlist Resource(s)
  -------------------------------------------------------------------    -------------------
    SLICE_X0Y15          FDRE                         0.000     0.000 r  FSM_sequential_state_reg[0]/C
    SLICE_X0Y15          FDRE (Prop_fdre_C_Q)         0.141     0.141 f  FSM_sequential_state_reg[0]/Q
                         net (fo=6, routed)           0.120     0.261    state[0]
    SLICE_X1Y15          LUT4 (Prop_lut4_I0_O)        0.045     0.306 r  OP[5]_i_1/O
                         net (fo=6, routed)           0.175     0.481    OP[5]_i_1_n_0
    SLICE_X1Y13          FDRE                                         r  OP_reg[1]/CE
  -------------------------------------------------------------------    -------------------

Slack:                    inf
  Source:                 B_reg[5]/C
                            (rising edge-triggered cell FDRE)
  Destination:            S_LED_reg[5]/D
  Path Group:             (none)
  Path Type:              Min at Fast Process Corner
  Data Path Delay:        0.485ns  (logic 0.274ns (56.480%)  route 0.211ns (43.520%))
  Logic Levels:           3  (FDRE=1 LUT6=1 MUXF7=1)

    Location             Delay type                Incr(ns)  Path(ns)    Netlist Resource(s)
  -------------------------------------------------------------------    -------------------
    SLICE_X2Y11          FDRE                         0.000     0.000 r  B_reg[5]/C
    SLICE_X2Y11          FDRE (Prop_fdre_C_Q)         0.164     0.164 r  B_reg[5]/Q
                         net (fo=5, routed)           0.211     0.375    alu/S_LED_reg[7][5]
    SLICE_X3Y10          LUT6 (Prop_lut6_I5_O)        0.045     0.420 r  alu/S_LED[5]_i_3/O
                         net (fo=1, routed)           0.000     0.420    alu/S_LED[5]_i_3_n_0
    SLICE_X3Y10          MUXF7 (Prop_muxf7_I1_O)      0.065     0.485 r  alu/S_LED_reg[5]_i_1/O
                         net (fo=1, routed)           0.000     0.485    S[5]
    SLICE_X3Y10          FDRE                                         r  S_LED_reg[5]/D
  -------------------------------------------------------------------    -------------------





